// Jest Snapshot v1, https://goo.gl/fbAQLP

exports[`should render loading page correctly 1`] = `
<div
  className="loader"
>
  <img
    className="loader__img"
    src="/images/loader1.gif"
  />
</div>
`;
