// Jest Snapshot v1, https://goo.gl/fbAQLP

exports[`should render NotFound page correctly 1`] = `
<div>
  404 not found bithezz - 
  <Link
    to="/"
  >
    go fkin home
  </Link>
</div>
`;
